  ÔÇó electron-builder  version=26.8.1 os=10.0.26200
  ÔÇó loaded configuration  file=package.json ("build" field)
  ÔÇó description is missed in the package.json  appPackageFile=C:\Users\Usuario\Downloads\pruebak-coach-ai (3)\package.json
  ÔÇó author is missed in the package.json  appPackageFile=C:\Users\Usuario\Downloads\pruebak-coach-ai (3)\package.json
  ÔÇó executing @electron/rebuild  electronVersion=40.6.0 arch=x64 buildFromSource=false workspaceRoot=C:\Users\Usuario\Downloads\pruebak-coach-ai (3) projectDir=./ appDir=./
  ÔÇó installing native dependencies  arch=x64
  ÔÇó completed installing native dependencies
  ÔÇó packaging       platform=win32 arch=x64 electron=40.6.0 appOutDir=dist-electron\win-unpacked
  ÔÇó searching for node modules  pm=npm searchDir=C:\Users\Usuario\Downloads\pruebak-coach-ai (3)
node.exe : 
(node:17624) 
[DEP0190] 
DeprecationWarning: 
Passing args to a 
child process with 
shell option true 
can lead to security 
vulnerabilities, as 
the arguments are 
not escaped, only 
concatenated.
En línea: 1 
Carácter: 1
+ & "C:\Program Files
\nodejs/node.exe" "C:
\Users\Usuario\AppDat
a\Roamin ...
+ ~~~~~~~~~~~~~~~~~~~
~~~~~~~~~~~~~~~~~~~~~
~~~~~~~~~~~~~~~~~~~~~
~~~~~~~~
    + CategoryInfo   
           : NotSpe  
  cified: ((node:1   
 7624) [D...y con    
catenated.:Strin    
g) [], RemoteExc    
eption
    + FullyQualified 
   ErrorId : Native  
  CommandError
 
(Use `node 
--trace-deprecation 
...` to show where 
the warning was 
created)
  ÔÇó duplicate dependency references  dependencies=["gaxios@6.7.1","gaxios@6.7.1","jws@4.0.1","ecdsa-sig-formatter@1.0.11","@firebase/analytics@0.10.8","@firebase/app-compat@0.2.43","@firebase/util@1.10.0","@firebase/util@1.10.0","@firebase/app@0.10.13","@firebase/component@0.6.9","@firebase/installations@0.6.9","@firebase/util@1.10.0","@firebase/app-check@0.8.8","@firebase/app-compat@0.2.43","@firebase/component@0.6.9","@firebase/logger@0.4.2","@firebase/util@1.10.0","@firebase/app@0.10.13","@firebase/component@0.6.9","@firebase/logger@0.4.2","@firebase/util@1.10.0","@firebase/app@0.10.13","@firebase/component@0.6.9","@firebase/logger@0.4.2","@firebase/util@1.10.0","@firebase/component@0.6.9","@firebase/logger@0.4.2","@firebase/util@1.10.0","@firebase/app-compat@0.2.43","@firebase/util@1.10.0","@firebase/app@0.10.13","@firebase/component@0.6.9","@firebase/logger@0.4.2","@firebase/util@1.10.0","@firebase/component@0.6.9","@firebase/util@1.10.0","@firebase/app@0.10.13","@firebase/component@0.6.9","@firebase/logger@0.4.2","@firebase/util@1.10.0","@firebase/app@0.10.13","@firebase/component@0.6.9","@firebase/logger@0.4.2","@firebase/util@1.10.0","@firebase/component@0.6.9","@firebase/util@1.10.0","@firebase/database@1.0.8","@firebase/logger@0.4.2","@firebase/util@1.10.0","@firebase/component@0.6.9","@firebase/logger@0.4.2","@firebase/util@1.10.0","@firebase/app-compat@0.2.43","@firebase/component@0.6.9","@firebase/util@1.10.0","@firebase/firestore@4.7.3","@firebase/util@1.10.0","@firebase/app@0.10.13","@firebase/component@0.6.9","@firebase/logger@0.4.2","@firebase/util@1.10.0","@grpc/proto-loader@0.7.15","@types/node@25.0.3","string-width@4.2.3","string-width@4.2.3","strip-ansi@6.0.1","strip-ansi@6.0.1","@firebase/app-compat@0.2.43","@firebase/component@0.6.9","@firebase/functions@0.11.8","@firebase/util@1.10.0","@firebase/app@0.10.13","@firebase/component@0.6.9","@firebase/util@1.10.0","@firebase/app-compat@0.2.43","@firebase/component@0.6.9","@firebase/installations@0.6.9","@firebase/util@1.10.0","@firebase/app@0.10.13","@firebase/component@0.6.9","@firebase/util@1.10.0","@firebase/app-compat@0.2.43","@firebase/component@0.6.9","@firebase/messaging@0.12.12","@firebase/util@1.10.0","@firebase/app@0.10.13","@firebase/component@0.6.9","@firebase/installations@0.6.9","@firebase/util@1.10.0","@firebase/app-compat@0.2.43","@firebase/component@0.6.9","@firebase/logger@0.4.2","@firebase/performance@0.6.9","@firebase/util@1.10.0","@firebase/app@0.10.13","@firebase/component@0.6.9","@firebase/installations@0.6.9","@firebase/logger@0.4.2","@firebase/util@1.10.0","@firebase/app-compat@0.2.43","@firebase/component@0.6.9","@firebase/logger@0.4.2","@firebase/remote-config@0.4.9","@firebase/util@1.10.0","@firebase/app@0.10.13","@firebase/component@0.6.9","@firebase/installations@0.6.9","@firebase/logger@0.4.2","@firebase/util@1.10.0","@firebase/app-compat@0.2.43","@firebase/component@0.6.9","@firebase/util@1.10.0","@firebase/storage@0.13.2","@firebase/util@1.10.0","@firebase/app@0.10.13","@firebase/component@0.6.9","@firebase/util@1.10.0","@firebase/app@0.10.13","@firebase/component@0.6.9","@firebase/logger@0.4.2","@firebase/util@1.10.0","react@18.3.1","react@18.3.1","loose-envify@1.4.0","loose-envify@1.4.0"]
  ÔÇó updating asar integrity executable resource  executablePath=dist-electron\win-unpacked\Coach AI.exe
  ÔÇó downloading     url=https://github.com/electron-userland/electron-builder-binaries/releases/download/winCodeSign-2.6.0/winCodeSign-2.6.0.7z size=5.6 MB parts=1
  ÔÇó downloaded      url=https://github.com/electron-userland/electron-builder-binaries/releases/download/winCodeSign-2.6.0/winCodeSign-2.6.0.7z duration=852ms
  Ô¿» cannot execute  cause=exit status 2
                    out=
    7-Zip (a) 21.07 (x64) : Copyright (c) 1999-2021 Igor Pavlov : 2021-12-26
    
    Scanning the drive for archives:
    1 file, 5635384 bytes (5504 KiB)
    
    Extracting archive: C:\Users\Usuario\AppData\Local\electron-builder\Cache\winCodeSign\124064659.7z
    --
    Path = C:\Users\Usuario\AppData\Local\electron-builder\Cache\winCodeSign\124064659.7z
    Type = 7z
    Physical Size = 5635384
    Headers Size = 1492
    Method = LZMA2:24m LZMA:20 BCJ2
    Solid = +
    Blocks = 2
    
    
    Sub items Errors: 2
    
    Archives with Errors: 1
    
    Sub items Errors: 2
    
                    errorOut=ERROR: Cannot create symbolic link : El cliente no dispone de un privilegio requerido. : C:\Users\Usuario\AppData\Local\electron-builder\Cache\winCodeSign\124064659\darwin\10.12\lib\libcrypto.dylib
    ERROR: Cannot create symbolic link : El cliente no dispone de un privilegio requerido. : C:\Users\Usuario\AppData\Local\electron-builder\Cache\winCodeSign\124064659\darwin\10.12\lib\libssl.dylib
    
                    command='C:\Users\Usuario\Downloads\pruebak-coach-ai (3)\node_modules\7zip-bin\win\x64\7za.exe' x -snld -bd 'C:\Users\Usuario\AppData\Local\electron-builder\Cache\winCodeSign\124064659.7z' '-oC:\Users\Usuario\AppData\Local\electron-builder\Cache\winCodeSign\124064659'
                    workingDir=C:\Users\Usuario\AppData\Local\electron-builder\Cache\winCodeSign
  ÔÇó downloading     url=https://github.com/electron-userland/electron-builder-binaries/releases/download/winCodeSign-2.6.0/winCodeSign-2.6.0.7z size=5.6 MB parts=1
  ÔÇó downloaded      url=https://github.com/electron-userland/electron-builder-binaries/releases/download/winCodeSign-2.6.0/winCodeSign-2.6.0.7z duration=684ms
  Ô¿» cannot execute  cause=exit status 2
                    out=
    7-Zip (a) 21.07 (x64) : Copyright (c) 1999-2021 Igor Pavlov : 2021-12-26
    
    Scanning the drive for archives:
    1 file, 5635384 bytes (5504 KiB)
    
    Extracting archive: C:\Users\Usuario\AppData\Local\electron-builder\Cache\winCodeSign\151879395.7z
    --
    Path = C:\Users\Usuario\AppData\Local\electron-builder\Cache\winCodeSign\151879395.7z
    Type = 7z
    Physical Size = 5635384
    Headers Size = 1492
    Method = LZMA2:24m LZMA:20 BCJ2
    Solid = +
    Blocks = 2
    
    
    Sub items Errors: 2
    
    Archives with Errors: 1
    
    Sub items Errors: 2
    
                    errorOut=ERROR: Cannot create symbolic link : El cliente no dispone de un privilegio requerido. : C:\Users\Usuario\AppData\Local\electron-builder\Cache\winCodeSign\151879395\darwin\10.12\lib\libcrypto.dylib
    ERROR: Cannot create symbolic link : El cliente no dispone de un privilegio requerido. : C:\Users\Usuario\AppData\Local\electron-builder\Cache\winCodeSign\151879395\darwin\10.12\lib\libssl.dylib
    
                    command='C:\Users\Usuario\Downloads\pruebak-coach-ai (3)\node_modules\7zip-bin\win\x64\7za.exe' x -snld -bd 'C:\Users\Usuario\AppData\Local\electron-builder\Cache\winCodeSign\151879395.7z' '-oC:\Users\Usuario\AppData\Local\electron-builder\Cache\winCodeSign\151879395'
                    workingDir=C:\Users\Usuario\AppData\Local\electron-builder\Cache\winCodeSign
  ÔÇó downloading     url=https://github.com/electron-userland/electron-builder-binaries/releases/download/winCodeSign-2.6.0/winCodeSign-2.6.0.7z size=5.6 MB parts=1
  ÔÇó downloaded      url=https://github.com/electron-userland/electron-builder-binaries/releases/download/winCodeSign-2.6.0/winCodeSign-2.6.0.7z duration=622ms
  Ô¿» cannot execute  cause=exit status 2
                    out=
    7-Zip (a) 21.07 (x64) : Copyright (c) 1999-2021 Igor Pavlov : 2021-12-26
    
    Scanning the drive for archives:
    1 file, 5635384 bytes (5504 KiB)
    
    Extracting archive: C:\Users\Usuario\AppData\Local\electron-builder\Cache\winCodeSign\273158535.7z
    --
    Path = C:\Users\Usuario\AppData\Local\electron-builder\Cache\winCodeSign\273158535.7z
    Type = 7z
    Physical Size = 5635384
    Headers Size = 1492
    Method = LZMA2:24m LZMA:20 BCJ2
    Solid = +
    Blocks = 2
    
    
    Sub items Errors: 2
    
    Archives with Errors: 1
    
    Sub items Errors: 2
    
                    errorOut=ERROR: Cannot create symbolic link : El cliente no dispone de un privilegio requerido. : C:\Users\Usuario\AppData\Local\electron-builder\Cache\winCodeSign\273158535\darwin\10.12\lib\libcrypto.dylib
    ERROR: Cannot create symbolic link : El cliente no dispone de un privilegio requerido. : C:\Users\Usuario\AppData\Local\electron-builder\Cache\winCodeSign\273158535\darwin\10.12\lib\libssl.dylib
    
                    command='C:\Users\Usuario\Downloads\pruebak-coach-ai (3)\node_modules\7zip-bin\win\x64\7za.exe' x -snld -bd 'C:\Users\Usuario\AppData\Local\electron-builder\Cache\winCodeSign\273158535.7z' '-oC:\Users\Usuario\AppData\Local\electron-builder\Cache\winCodeSign\273158535'
                    workingDir=C:\Users\Usuario\AppData\Local\electron-builder\Cache\winCodeSign
  ÔÇó downloading     url=https://github.com/electron-userland/electron-builder-binaries/releases/download/winCodeSign-2.6.0/winCodeSign-2.6.0.7z size=5.6 MB parts=1
  ÔÇó downloaded      url=https://github.com/electron-userland/electron-builder-binaries/releases/download/winCodeSign-2.6.0/winCodeSign-2.6.0.7z duration=799ms
  Ô¿» cannot execute  cause=exit status 2
                    out=
    7-Zip (a) 21.07 (x64) : Copyright (c) 1999-2021 Igor Pavlov : 2021-12-26
    
    Scanning the drive for archives:
    1 file, 5635384 bytes (5504 KiB)
    
    Extracting archive: C:\Users\Usuario\AppData\Local\electron-builder\Cache\winCodeSign\698006843.7z
    --
    Path = C:\Users\Usuario\AppData\Local\electron-builder\Cache\winCodeSign\698006843.7z
    Type = 7z
    Physical Size = 5635384
    Headers Size = 1492
    Method = LZMA2:24m LZMA:20 BCJ2
    Solid = +
    Blocks = 2
    
    
    Sub items Errors: 2
    
    Archives with Errors: 1
    
    Sub items Errors: 2
    
                    errorOut=ERROR: Cannot create symbolic link : El cliente no dispone de un privilegio requerido. : C:\Users\Usuario\AppData\Local\electron-builder\Cache\winCodeSign\698006843\darwin\10.12\lib\libcrypto.dylib
    ERROR: Cannot create symbolic link : El cliente no dispone de un privilegio requerido. : C:\Users\Usuario\AppData\Local\electron-builder\Cache\winCodeSign\698006843\darwin\10.12\lib\libssl.dylib
    
                    command='C:\Users\Usuario\Downloads\pruebak-coach-ai (3)\node_modules\7zip-bin\win\x64\7za.exe' x -snld -bd 'C:\Users\Usuario\AppData\Local\electron-builder\Cache\winCodeSign\698006843.7z' '-oC:\Users\Usuario\AppData\Local\electron-builder\Cache\winCodeSign\698006843'
                    workingDir=C:\Users\Usuario\AppData\Local\electron-builder\Cache\winCodeSign
